Starting a Gradle Daemon, 1 busy and 1 incompatible and 2 stopped Daemons could not be reused, use --status for details
./gradlew : 
строка:1 знак:1
+ ./gradlew compileTe
stJava --console=plai
n > compile_output.tx
t 2>&1
+ ~~~~~~~~~~~~~~~~~~~
~~~~~~~~~~~~~~~~~~~~~
~~~~~~~~~~~~~~~~~~~~~
~~~~~~
    + CategoryInfo   
           : NotSpe  
  cified: (:String   
 ) [], RemoteExce    
ption
    + FullyQualified 
   ErrorId : Native  
  CommandError
 
FAILURE: Build failed
 with an exception.

* What went wrong:
Gradle requires JVM 1
7 or later to run. Yo
ur build is currently
 configured to use JV
M 8.

* Try:
> Run with --stacktra
ce option to get the 
stack trace.
> Run with --info or 
--debug option to get
 more log output.
> Run with --scan to 
generate a Build Scan
 (powered by Develoci
ty).
> Get more help at ht
tps://help.gradle.org
.
