To honour the JVM settings for this build a single-use Daemon process will be forked. For more on this, please refer to https://docs.gradle.org/9.2.1/userguide/gradle_daemon.html#sec:disabling_the_daemon in the Gradle documentation.
./gradlew : 
строка:1 знак:1
+ ./gradlew test --te
sts com.example.const
ruction.service.Workf
lowServi ...
+ ~~~~~~~~~~~~~~~~~~~
~~~~~~~~~~~~~~~~~~~~~
~~~~~~~~~~~~~~~~~~~~~
~~~~~~~~
    + CategoryInfo   
           : NotSpe  
  cified: (:String   
 ) [], RemoteExce    
ption
    + FullyQualified 
   ErrorId : Native  
  CommandError
 
FAILURE: Build failed
 with an exception.

* What went wrong:
Gradle requires JVM 1
7 or later to run. Yo
ur build is currently
 configured to use JV
M 8.

* Try:
> Run with --stacktra
ce option to get the 
stack trace.
> Run with --info or 
--debug option to get
 more log output.
> Run with --scan to 
generate a Build Scan
 (powered by Develoci
ty).
> Get more help at ht
tps://help.gradle.org
.
